 first pdb file name?
 geom1.pdb
 second pdb file name?
 geom2.pdb
 rmsd type? (ca for CA, bb for backbone, or aa for all atom)
 aa
 output superposed pdb (T or F)?
 pdb name for superposed structure?
 R   56.807279000000008        20.703227999999992        289.22107687499994        212.23193000000001        77.341166000000001       -77.418575208333309        80.061065999999968        176.64809599999998        1.0408340855860843E-014
 S   134.14844500000001        254.06667120833328        209.16001087499995        191.52870200000001        254.06667120833328       -20.533887000000004        232.93515800000000        369.28214287499992        209.16001087499995        232.93515800000000        20.533886999999982        99.229520791666673        191.52870200000001        369.28214287499992        99.229520791666673       -134.14844500000001     
 eigv   695.75473057142142     
 Q -0.56093127215007532      -0.56092903704139063      -0.43053417825081608      -0.43052879658138032     
 Rotation matrix  0.25857055334416734       0.96599237516654268       -7.9620506702737792E-006   4.1129120040284128E-006   7.1414360147126210E-006  0.99999999996604250       0.96599237519059988      -0.25857055336813323       -2.1264765731054958E-006
 rmsd =   0.18618528324686889     
 writing geom3.pdb
-----------------------------------------------------------
